mode: set
github.com/kelindar/bench/example/main_example.go:11.2,15.1 3 1
github.com/kelindar/bench/example/main_example.go:16.2,17.1 3 1
github.com/kelindar/bench/example/main_example.go:19.2,19.29 3 1
github.com/kelindar/bench/example/main_example.go:23.3,23.29 1 1
github.com/kelindar/bench/example/main_example.go:24.4,24.31 1 1
github.com/kelindar/bench/example/main_example.go:25.5,26.1 1 1
github.com/kelindar/bench/example/main_example.go:28.4,29.1 1 1
github.com/kelindar/bench/example/main_example.go:32.3,32.29 1 1
github.com/kelindar/bench/example/main_example.go:33.4,36.1 3 1
github.com/kelindar/bench/example/main_example.go:43.2,44.25 2 1
github.com/kelindar/bench/example/main_example.go:45.3,46.1 1 1
github.com/kelindar/bench/example/main_example.go:47.2,47.12 1 1
github.com/kelindar/bench/bench.go:27.2,36.1 1 1
github.com/kelindar/bench/bench.go:58.2,59.1 3 1
github.com/kelindar/bench/bench.go:61.2,62.1 3 1
github.com/kelindar/bench/bench.go:63.2,63.27 3 1
github.com/kelindar/bench/bench.go:64.3,65.1 1 1
github.com/kelindar/bench/bench.go:66.2,67.1 4 1
github.com/kelindar/bench/bench.go:68.2,70.12 4 1
github.com/kelindar/bench/bench.go:75.2,75.15 1 1
github.com/kelindar/bench/bench.go:76.3,78.1 2 1
github.com/kelindar/bench/bench.go:79.3,81.1 2 1
github.com/kelindar/bench/bench.go:86.2,86.20 1 1
github.com/kelindar/bench/bench.go:87.3,88.1 1 1
github.com/kelindar/bench/bench.go:89.2,89.42 1 1
github.com/kelindar/bench/bench.go:93.2,96.18 4 1
github.com/kelindar/bench/bench.go:97.3,98.1 1 1
github.com/kelindar/bench/bench.go:100.2,100.33 1 1
github.com/kelindar/bench/bench.go:101.3,102.15 2 1
github.com/kelindar/bench/bench.go:103.4,105.20 3 1
github.com/kelindar/bench/bench.go:106.5,107.1 1 1
github.com/kelindar/bench/bench.go:109.4,109.20 1 1
github.com/kelindar/bench/bench.go:110.5,111.1 1 1
github.com/kelindar/bench/bench.go:112.4,113.44 2 1
github.com/kelindar/bench/bench.go:116.3,119.19 4 1
github.com/kelindar/bench/bench.go:120.4,121.1 1 1
github.com/kelindar/bench/bench.go:123.2,123.8 1 1
github.com/kelindar/bench/bench.go:128.2,130.1 7 1
github.com/kelindar/bench/bench.go:131.2,133.1 7 1
github.com/kelindar/bench/bench.go:134.2,136.6 7 1
github.com/kelindar/bench/bench.go:137.3,138.38 2 1
github.com/kelindar/bench/bench.go:139.4,139.9 1 1
github.com/kelindar/bench/bench.go:142.2,143.1 3 1
github.com/kelindar/bench/bench.go:144.2,145.1 3 1
github.com/kelindar/bench/bench.go:146.2,147.48 3 1
github.com/kelindar/bench/bench.go:151.2,151.12 1 1
github.com/kelindar/bench/bench.go:152.3,152.71 1 1
github.com/kelindar/bench/bench.go:155.2,156.22 2 1
github.com/kelindar/bench/bench.go:157.3,157.48 1 1
github.com/kelindar/bench/bench.go:160.2,160.18 1 1
github.com/kelindar/bench/bench.go:165.2,166.39 2 1
github.com/kelindar/bench/bench.go:167.3,168.32 2 1
github.com/kelindar/bench/bench.go:168.34,168.51 2 1
github.com/kelindar/bench/bench.go:171.2,171.37 1 1
github.com/kelindar/bench/bench.go:171.39,171.59 2 1
github.com/kelindar/bench/bench.go:177.2,178.20 2 1
github.com/kelindar/bench/bench.go:179.3,180.1 1 1
github.com/kelindar/bench/bench.go:182.2,182.39 1 1
github.com/kelindar/bench/bench.go:186.2,186.24 1 1
github.com/kelindar/bench/bench.go:187.3,188.1 1 1
github.com/kelindar/bench/bench.go:191.2,192.1 7 1
github.com/kelindar/bench/bench.go:193.2,197.1 7 1
github.com/kelindar/bench/bench.go:199.2,207.1 7 1
github.com/kelindar/bench/bench.go:208.2,208.50 7 1
github.com/kelindar/bench/bench.go:214.2,218.1 9 1
github.com/kelindar/bench/bench.go:220.2,224.12 9 1
github.com/kelindar/bench/bench.go:225.3,228.59 4 1
github.com/kelindar/bench/bench.go:229.4,230.1 1 1
github.com/kelindar/bench/bench.go:234.2,235.23 2 1
github.com/kelindar/bench/bench.go:236.3,238.1 2 1
github.com/kelindar/bench/bench.go:238.9,238.64 1 1
github.com/kelindar/bench/bench.go:239.3,240.1 1 1
github.com/kelindar/bench/bench.go:243.2,249.1 2 1
github.com/kelindar/bench/bench.go:252.2,253.70 2 1
github.com/kelindar/bench/bench.go:254.3,255.1 1 1
github.com/kelindar/bench/bench.go:256.2,256.8 1 1
github.com/kelindar/bench/bench.go:262.2,264.9 3 1
github.com/kelindar/bench/bench.go:266.3,266.28 1 1
github.com/kelindar/bench/bench.go:268.3,268.27 1 1
github.com/kelindar/bench/bench.go:270.3,270.27 1 1
github.com/kelindar/bench/bench.go:272.3,272.33 1 1
github.com/kelindar/bench/bench.go:274.3,274.33 1 1
github.com/kelindar/bench/bench.go:276.3,278.109 3 1
github.com/kelindar/bench/bench.go:279.4,280.1 1 1
github.com/kelindar/bench/bench.go:282.2,282.18 1 1
github.com/kelindar/bench/bench.go:283.3,285.1 2 1
github.com/kelindar/bench/bench.go:286.2,286.15 1 1
github.com/kelindar/bench/bench.go:292.2,294.114 1 1
github.com/kelindar/bench/bench.go:295.3,296.1 1 1
github.com/kelindar/bench/bench.go:297.2,298.18 2 1
github.com/kelindar/bench/bench.go:306.2,307.1 2 1
github.com/kelindar/bench/bench.go:308.2,308.21 2 1
github.com/kelindar/bench/bench.go:309.3,310.1 1 0
github.com/kelindar/bench/bench.go:312.2,314.1 4 1
github.com/kelindar/bench/bench.go:315.2,316.27 4 1
github.com/kelindar/bench/bench.go:317.3,318.1 1 1
github.com/kelindar/bench/bench.go:319.2,320.1 4 1
github.com/kelindar/bench/bench.go:321.2,323.12 4 1
github.com/kelindar/bench/bench_opts.go:35.2,35.22 1 1
github.com/kelindar/bench/bench_opts.go:36.3,37.1 1 1
github.com/kelindar/bench/bench_opts.go:38.2,38.28 1 1
github.com/kelindar/bench/bench_opts.go:39.3,40.1 1 1
github.com/kelindar/bench/bench_opts.go:41.2,41.21 1 1
github.com/kelindar/bench/bench_opts.go:42.3,43.1 1 1
github.com/kelindar/bench/bench_opts.go:44.2,44.22 1 1
github.com/kelindar/bench/bench_opts.go:45.3,46.1 1 1
github.com/kelindar/bench/bench_opts.go:47.2,47.73 1 1
github.com/kelindar/bench/bench_opts.go:48.3,49.1 1 1
github.com/kelindar/bench/bench_opts.go:50.2,50.47 1 1
github.com/kelindar/bench/bench_opts.go:51.3,52.1 1 1
github.com/kelindar/bench/bench_opts.go:53.2,53.22 1 1
github.com/kelindar/bench/bench_opts.go:54.3,55.1 1 1
github.com/kelindar/bench/bench_opts.go:56.2,56.20 1 1
github.com/kelindar/bench/bench_opts.go:57.3,58.1 1 1
github.com/kelindar/bench/bench_opts.go:63.2,63.25 1 1
github.com/kelindar/bench/bench_opts.go:64.3,66.1 2 1
github.com/kelindar/bench/bench_opts.go:71.2,71.25 1 1
github.com/kelindar/bench/bench_opts.go:72.3,73.1 1 1
github.com/kelindar/bench/bench_opts.go:78.2,78.25 1 1
github.com/kelindar/bench/bench_opts.go:79.3,79.21 1 1
github.com/kelindar/bench/bench_opts.go:80.4,81.1 1 1
github.com/kelindar/bench/bench_opts.go:82.3,82.16 1 1
github.com/kelindar/bench/bench_opts.go:88.2,88.25 1 1
github.com/kelindar/bench/bench_opts.go:89.3,89.13 1 1
github.com/kelindar/bench/bench_opts.go:90.4,91.1 1 1
github.com/kelindar/bench/bench_opts.go:92.3,92.17 1 1
github.com/kelindar/bench/bench_opts.go:99.2,99.25 1 1
github.com/kelindar/bench/bench_opts.go:100.3,101.24 2 1
github.com/kelindar/bench/bench_opts.go:102.4,103.1 1 1
github.com/kelindar/bench/bench_opts.go:109.2,109.25 1 1
github.com/kelindar/bench/bench_opts.go:110.3,111.1 1 1
github.com/kelindar/bench/bench_opts.go:116.2,116.25 1 1
github.com/kelindar/bench/bench_opts.go:117.3,117.53 1 1
github.com/kelindar/bench/bench_opts.go:118.4,119.1 1 1
github.com/kelindar/bench/bench_opts.go:120.3,120.23 1 1
github.com/kelindar/bench/bench_opts.go:129.2,129.25 1 1
github.com/kelindar/bench/bench_opts.go:130.3,130.40 1 1
github.com/kelindar/bench/bench_opts.go:131.4,132.1 1 1
github.com/kelindar/bench/bench_opts.go:133.3,133.24 1 1
github.com/kelindar/bench/bench_opts.go:139.2,139.25 1 1
github.com/kelindar/bench/bench_opts.go:140.3,140.13 1 1
github.com/kelindar/bench/bench_opts.go:141.4,142.1 1 1
github.com/kelindar/bench/bench_opts.go:143.3,143.18 1 1
github.com/kelindar/bench/bench_opts.go:149.2,149.25 1 1
github.com/kelindar/bench/bench_opts.go:150.3,151.1 1 1
github.com/kelindar/bench/bench_opts.go:157.2,160.1 5 1
github.com/kelindar/bench/bench_opts.go:162.2,163.36 5 1
github.com/kelindar/bench/bench_opts.go:164.3,165.10 2 1
github.com/kelindar/bench/bench_opts.go:167.4,168.26 2 1
github.com/kelindar/bench/bench_opts.go:169.5,171.1 2 1
github.com/kelindar/bench/bench_opts.go:173.4,173.26 1 1
github.com/kelindar/bench/bench_opts.go:176.2,177.1 2 1
github.com/kelindar/bench/bench_opts.go:178.2,178.19 2 1
github.com/kelindar/bench/bench_opts.go:179.3,180.1 1 1
github.com/kelindar/bench/bench_opts.go:181.2,181.10 1 1
github.com/kelindar/bench/bench_opts.go:182.3,183.1 1 1
github.com/kelindar/bench/codec.go:25.2,25.41 1 1
github.com/kelindar/bench/codec.go:26.3,27.1 1 1
github.com/kelindar/bench/codec.go:28.2,28.20 1 1
github.com/kelindar/bench/codec.go:32.2,33.16 2 1
github.com/kelindar/bench/codec.go:34.3,35.1 1 1
github.com/kelindar/bench/codec.go:36.2,37.55 2 1
github.com/kelindar/bench/codec.go:38.3,39.1 1 1
github.com/kelindar/bench/codec.go:40.2,40.16 1 1
github.com/kelindar/bench/codec.go:44.2,45.16 2 1
github.com/kelindar/bench/codec.go:46.3,47.1 1 1
github.com/kelindar/bench/codec.go:48.2,48.43 1 1
github.com/kelindar/bench/codec.go:52.2,53.16 2 1
github.com/kelindar/bench/codec.go:54.3,55.1 1 1
github.com/kelindar/bench/codec.go:56.2,59.45 4 1
github.com/kelindar/bench/codec.go:60.3,61.1 1 1
github.com/kelindar/bench/codec.go:62.2,62.16 1 1
github.com/kelindar/bench/codec.go:66.2,67.16 2 1
github.com/kelindar/bench/codec.go:68.3,69.1 1 1
github.com/kelindar/bench/codec.go:70.2,72.28 3 1
github.com/kelindar/bench/codec.go:77.2,77.20 1 1
github.com/kelindar/bench/codec.go:78.3,79.1 1 1
github.com/kelindar/bench/codec.go:80.2,80.33 1 1
github.com/kelindar/bench/codec.go:84.2,84.31 1 1
github.com/kelindar/bench/codec.go:85.3,86.1 1 1
github.com/kelindar/bench/codec.go:87.2,87.64 1 1
github.com/kelindar/bench/codec.go:92.2,92.14 1 1
github.com/kelindar/bench/codec.go:93.3,94.1 1 1
github.com/kelindar/bench/codec.go:95.2,95.20 1 1
github.com/kelindar/bench/codec.go:96.3,97.1 1 1
github.com/kelindar/bench/codec.go:98.2,100.58 3 1
github.com/kelindar/bench/codec.go:101.3,102.1 1 1
github.com/kelindar/bench/environment.go:44.2,51.1 1 1
github.com/kelindar/bench/environment.go:55.2,56.53 2 1
github.com/kelindar/bench/environment.go:57.3,58.1 1 0
github.com/kelindar/bench/environment.go:60.2,70.1 4 1
github.com/kelindar/bench/environment.go:71.2,73.20 4 1
github.com/kelindar/bench/environment.go:77.2,78.16 2 1
github.com/kelindar/bench/environment.go:79.3,80.1 1 0
github.com/kelindar/bench/environment.go:81.2,81.28 1 1
github.com/kelindar/bench/environment.go:82.3,82.62 1 1
github.com/kelindar/bench/environment.go:83.4,84.1 1 1
github.com/kelindar/bench/environment.go:85.3,85.58 1 0
github.com/kelindar/bench/environment.go:86.4,87.1 1 0
github.com/kelindar/bench/environment.go:89.2,89.27 1 0
github.com/kelindar/bench/environment.go:101.2,102.35 2 1
github.com/kelindar/bench/environment.go:103.3,104.1 1 0
github.com/kelindar/bench/environment.go:106.2,108.29 3 1
github.com/kelindar/bench/environment.go:110.3,111.1 1 0
github.com/kelindar/bench/environment.go:112.2,113.82 2 1
github.com/kelindar/bench/environment.go:114.3,115.1 1 0
github.com/kelindar/bench/environment.go:117.2,117.56 1 1
github.com/kelindar/bench/environment.go:123.2,123.35 1 1
github.com/kelindar/bench/environment.go:124.3,125.1 1 1
github.com/kelindar/bench/environment.go:126.2,128.83 3 1
github.com/kelindar/bench/environment.go:129.3,130.1 1 1
github.com/kelindar/bench/environment.go:131.2,131.27 1 1
github.com/kelindar/bench/environment.go:135.2,138.1 3 1
github.com/kelindar/bench/environment.go:139.2,141.1 3 1
github.com/kelindar/bench/environment.go:144.2,144.40 1 1
github.com/kelindar/bench/environment.go:145.3,146.1 1 1
github.com/kelindar/bench/environment.go:147.2,147.47 1 1
github.com/kelindar/bench/environment.go:164.2,165.24 2 1
github.com/kelindar/bench/environment.go:166.3,167.1 1 0
github.com/kelindar/bench/environment.go:169.2,170.39 2 1
github.com/kelindar/bench/environment.go:171.3,171.41 1 1
github.com/kelindar/bench/environment.go:172.4,172.26 1 1
github.com/kelindar/bench/environment.go:173.5,173.13 1 1
github.com/kelindar/bench/environment.go:175.4,175.25 1 1
github.com/kelindar/bench/environment.go:176.5,177.1 1 1
github.com/kelindar/bench/environment.go:178.4,181.9 4 1
github.com/kelindar/bench/environment.go:184.2,184.24 1 1
github.com/kelindar/bench/environment.go:185.3,186.1 1 0
github.com/kelindar/bench/environment.go:187.2,187.25 1 1
github.com/kelindar/bench/environment.go:194.2,195.39 2 1
github.com/kelindar/bench/environment.go:196.3,201.1 5 1
github.com/kelindar/bench/environment.go:202.2,202.30 1 1
github.com/kelindar/bench/environment.go:207.2,209.1 2 1
github.com/kelindar/bench/format.go:22.2,22.31 1 1
github.com/kelindar/bench/format.go:23.3,24.1 1 1
github.com/kelindar/bench/format.go:25.2,26.72 2 1
github.com/kelindar/bench/format.go:27.3,28.1 1 1
github.com/kelindar/bench/format.go:30.2,30.9 1 1
github.com/kelindar/bench/format.go:32.3,32.24 1 1
github.com/kelindar/bench/format.go:34.3,34.28 1 1
github.com/kelindar/bench/format.go:36.3,36.28 1 1
github.com/kelindar/bench/format.go:39.2,40.1 2 1
github.com/kelindar/bench/format.go:41.2,41.9 2 1
github.com/kelindar/bench/format.go:43.3,43.24 1 1
github.com/kelindar/bench/format.go:45.3,45.53 1 1
github.com/kelindar/bench/format.go:47.3,47.53 1 1
github.com/kelindar/bench/format.go:52.2,53.1 1 1
github.com/kelindar/bench/format.go:57.2,58.23 2 1
github.com/kelindar/bench/format.go:59.3,60.1 1 1
github.com/kelindar/bench/format.go:62.2,62.9 1 1
github.com/kelindar/bench/format.go:64.3,64.52 1 1
github.com/kelindar/bench/format.go:66.3,66.52 1 1
github.com/kelindar/bench/format.go:68.3,68.54 1 1
github.com/kelindar/bench/format.go:74.2,74.9 1 1
github.com/kelindar/bench/format.go:76.3,76.49 1 1
github.com/kelindar/bench/format.go:78.3,78.47 1 1
github.com/kelindar/bench/format.go:80.3,80.41 1 1
github.com/kelindar/bench/format.go:86.2,86.26 1 1
github.com/kelindar/bench/format.go:87.3,88.1 1 1
github.com/kelindar/bench/format.go:89.2,89.23 1 1
github.com/kelindar/bench/format.go:90.3,91.1 1 1
github.com/kelindar/bench/format.go:92.2,92.39 1 1
github.com/kelindar/bench/format.go:97.2,97.9 1 1
github.com/kelindar/bench/format.go:99.3,99.48 1 1
github.com/kelindar/bench/format.go:101.3,101.42 1 1
github.com/kelindar/bench/format.go:103.3,103.13 1 1
github.com/kelindar/bench/format.go:108.2,109.16 2 1
github.com/kelindar/bench/format.go:111.3,111.24 1 1
github.com/kelindar/bench/format.go:113.3,113.24 1 1
github.com/kelindar/bench/format.go:115.3,115.25 1 1
github.com/kelindar/bench/format.go:117.3,117.15 1 1
github.com/kelindar/bench/format.go:122.2,122.21 1 1
github.com/kelindar/bench/format.go:123.3,124.1 1 1
github.com/kelindar/bench/format.go:125.2,125.39 1 1
github.com/kelindar/bench/format.go:129.2,129.45 1 1
github.com/kelindar/bench/format.go:130.3,131.1 1 1
github.com/kelindar/bench/format.go:133.2,135.9 3 1
github.com/kelindar/bench/format.go:137.3,137.19 1 1
github.com/kelindar/bench/format.go:139.3,139.21 1 1
github.com/kelindar/bench/format.go:141.3,141.20 1 1
github.com/kelindar/bench/stat.go:33.2,34.1 1 1
github.com/kelindar/bench/stat.go:37.2,37.9 1 1
github.com/kelindar/bench/stat.go:39.3,39.44 1 1
github.com/kelindar/bench/stat.go:41.3,41.46 1 0
github.com/kelindar/bench/stat.go:43.2,44.57 2 1
github.com/kelindar/bench/stat.go:45.3,46.1 1 1
github.com/kelindar/bench/stat.go:48.2,51.9 4 1
github.com/kelindar/bench/stat.go:52.3,57.1 1 0
github.com/kelindar/bench/stat.go:59.2,59.79 1 1
github.com/kelindar/bench/stat.go:60.3,65.1 1 1
github.com/kelindar/bench/stat.go:67.2,68.1 5 1
github.com/kelindar/bench/stat.go:69.2,72.40 5 1
github.com/kelindar/bench/stat.go:75.3,77.1 5 1
github.com/kelindar/bench/stat.go:79.3,81.69 5 1
github.com/kelindar/bench/stat.go:82.4,83.1 1 1
github.com/kelindar/bench/stat.go:85.2,85.30 1 1
github.com/kelindar/bench/stat.go:86.3,94.1 1 0
github.com/kelindar/bench/stat.go:97.2,98.1 13 1
github.com/kelindar/bench/stat.go:99.2,101.1 13 1
github.com/kelindar/bench/stat.go:103.2,105.1 13 1
github.com/kelindar/bench/stat.go:109.2,114.1 13 1
github.com/kelindar/bench/stat.go:115.2,117.9 13 1
github.com/kelindar/bench/stat.go:119.3,119.35 1 1
github.com/kelindar/bench/stat.go:121.3,121.29 1 1
github.com/kelindar/bench/stat.go:124.2,136.1 1 1
github.com/kelindar/bench/stat.go:142.2,143.25 2 1
github.com/kelindar/bench/stat.go:144.3,145.10 2 1
github.com/kelindar/bench/stat.go:147.4,148.13 2 1
github.com/kelindar/bench/stat.go:150.4,151.12 2 1
github.com/kelindar/bench/stat.go:153.4,153.12 1 1
github.com/kelindar/bench/stat.go:155.3,155.19 1 1
github.com/kelindar/bench/stat.go:156.4,157.1 1 1
github.com/kelindar/bench/stat.go:158.3,158.14 1 1
github.com/kelindar/bench/stat.go:160.2,160.30 1 1
github.com/kelindar/bench/stat.go:161.3,162.1 1 1
github.com/kelindar/bench/stat.go:164.2,166.29 3 1
github.com/kelindar/bench/stat.go:167.3,168.15 2 1
github.com/kelindar/bench/stat.go:169.4,170.1 1 1
github.com/kelindar/bench/stat.go:171.4,173.1 2 1
github.com/kelindar/bench/stat.go:174.3,174.16 1 1
github.com/kelindar/bench/stat.go:175.4,176.1 1 1
github.com/kelindar/bench/stat.go:178.2,178.17 1 1
github.com/kelindar/bench/stat.go:182.2,182.20 1 1
github.com/kelindar/bench/stat.go:183.3,184.1 1 0
github.com/kelindar/bench/stat.go:185.2,185.62 1 1
github.com/kelindar/bench/stat.go:189.2,189.20 1 1
github.com/kelindar/bench/stat.go:190.3,191.1 1 0
github.com/kelindar/bench/stat.go:192.2,192.25 1 1
github.com/kelindar/bench/stat.go:193.3,193.29 1 1
github.com/kelindar/bench/stat.go:194.4,195.1 1 1
github.com/kelindar/bench/stat.go:197.2,197.13 1 1
github.com/kelindar/bench/stat.go:203.2,205.41 3 1
github.com/kelindar/bench/stat.go:205.43,205.79 1 1
github.com/kelindar/bench/stat.go:206.2,206.12 1 1
github.com/kelindar/bench/stat.go:207.3,208.1 1 1
github.com/kelindar/bench/stat.go:209.2,211.33 3 1
github.com/kelindar/bench/stat.go:215.2,220.1 5 1
github.com/kelindar/bench/stat.go:224.2,224.69 1 1
github.com/kelindar/bench/stat.go:225.3,226.1 1 1
github.com/kelindar/bench/stat.go:228.2,229.36 2 1
github.com/kelindar/bench/stat.go:230.3,231.1 1 1
github.com/kelindar/bench/stat.go:233.2,233.52 1 1
github.com/kelindar/bench/stat.go:238.2,239.25 2 1
github.com/kelindar/bench/stat.go:240.3,242.1 2 1
github.com/kelindar/bench/stat.go:247.2,247.20 1 1
github.com/kelindar/bench/stat.go:248.3,249.1 1 1
github.com/kelindar/bench/stat.go:251.2,252.29 2 1
github.com/kelindar/bench/stat.go:256.2,258.1 2 1
github.com/kelindar/bench/stat.go:261.2,262.14 2 1
github.com/kelindar/bench/stat.go:263.3,264.1 1 1
github.com/kelindar/bench/stat.go:266.2,268.29 3 1
github.com/kelindar/bench/stat.go:273.2,273.30 1 1
github.com/kelindar/bench/stat.go:274.3,275.1 1 0
github.com/kelindar/bench/stat.go:277.2,279.42 3 1
github.com/kelindar/bench/stat.go:280.3,280.10 1 1
github.com/kelindar/bench/stat.go:282.4,282.10 1 1
github.com/kelindar/bench/stat.go:284.4,284.11 1 1
github.com/kelindar/bench/stat.go:289.2,290.1 2 1
github.com/kelindar/bench/stat.go:292.2,292.21 2 1
github.com/kelindar/bench/stat.go:293.3,294.1 1 0
github.com/kelindar/bench/stat.go:294.9,294.28 1 1
github.com/kelindar/bench/stat.go:295.3,296.1 1 0
github.com/kelindar/bench/stat.go:299.2,300.34 2 1
github.com/kelindar/bench/stat.go:305.2,306.22 2 1
github.com/kelindar/bench/stat.go:307.3,308.1 1 1
github.com/kelindar/bench/stat.go:310.2,312.61 3 1
github.com/kelindar/bench/stat.go:313.3,314.1 1 0
github.com/kelindar/bench/stat.go:316.2,317.26 2 1
github.com/kelindar/bench/stat.go:318.3,319.27 2 1
github.com/kelindar/bench/stat.go:320.4,320.14 1 1
github.com/kelindar/bench/stat.go:321.5,322.1 1 1
github.com/kelindar/bench/stat.go:324.3,325.10 2 1
github.com/kelindar/bench/stat.go:326.4,327.1 1 0
github.com/kelindar/bench/stat.go:328.3,328.24 1 1
github.com/kelindar/bench/stat.go:331.2,332.26 2 1
github.com/kelindar/bench/stat.go:333.3,334.27 2 1
github.com/kelindar/bench/stat.go:335.4,335.14 1 1
github.com/kelindar/bench/stat.go:336.5,337.1 1 1
github.com/kelindar/bench/stat.go:339.3,340.10 2 1
github.com/kelindar/bench/stat.go:341.4,342.1 1 0
github.com/kelindar/bench/stat.go:343.3,343.27 1 1
github.com/kelindar/bench/stat.go:346.2,350.21 5 1
github.com/kelindar/bench/stat.go:351.3,352.1 1 1
github.com/kelindar/bench/stat.go:354.2,355.29 2 1
github.com/kelindar/bench/stat.go:356.3,357.1 1 0
github.com/kelindar/bench/stat.go:359.2,359.21 1 1
github.com/kelindar/bench/stat.go:363.2,365.33 3 1
github.com/kelindar/bench/stat.go:366.3,369.1 3 1
github.com/kelindar/bench/stat.go:371.2,371.53 1 1
github.com/kelindar/bench/stat.go:376.2,376.30 1 1
github.com/kelindar/bench/stat.go:377.3,378.1 1 0
github.com/kelindar/bench/stat.go:381.2,384.1 13 1
github.com/kelindar/bench/stat.go:385.2,386.1 13 1
github.com/kelindar/bench/stat.go:388.2,392.1 13 1
github.com/kelindar/bench/stat.go:394.2,396.1 13 1
github.com/kelindar/bench/stat.go:398.2,400.21 13 1
github.com/kelindar/bench/stat.go:401.3,402.1 1 0
github.com/kelindar/bench/stat.go:405.2,405.73 1 1
github.com/kelindar/bench/stat.go:409.2,410.48 2 1
github.com/kelindar/bench/stat.go:411.3,412.1 1 0
github.com/kelindar/bench/stat.go:414.2,415.25 2 1
github.com/kelindar/bench/stat.go:416.3,417.1 1 0
github.com/kelindar/bench/stat.go:419.2,419.40 1 1
github.com/kelindar/bench/stat.go:423.2,424.9 2 1
github.com/kelindar/bench/stat.go:426.3,426.19 1 0
github.com/kelindar/bench/stat.go:428.3,428.21 1 0
github.com/kelindar/bench/stat.go:431.2,434.20 4 1
github.com/kelindar/bench/stat.go:435.3,436.1 1 0
github.com/kelindar/bench/stat.go:438.2,439.56 2 1
github.com/kelindar/bench/stat.go:443.2,443.20 1 1
github.com/kelindar/bench/stat.go:444.3,445.1 1 0
github.com/kelindar/bench/stat.go:447.2,448.25 2 1
github.com/kelindar/bench/stat.go:449.3,450.1 1 1
github.com/kelindar/bench/stat.go:451.2,451.33 1 1
github.com/kelindar/bench/stat.go:455.2,456.1 1 1
github.com/kelindar/bench/stat.go:459.2,459.21 1 1
github.com/kelindar/bench/stat.go:460.3,461.1 1 0
github.com/kelindar/bench/stat.go:463.2,464.33 2 1
github.com/kelindar/bench/stat.go:465.3,465.20 1 1
github.com/kelindar/bench/stat.go:466.4,467.1 1 1
github.com/kelindar/bench/stat.go:470.2,470.13 1 1
github.com/kelindar/bench/stat.go:474.2,474.65 1 1
github.com/kelindar/bench/stat.go:475.3,476.1 1 1
github.com/kelindar/bench/stat.go:478.2,478.19 1 1
github.com/kelindar/bench/stat.go:482.2,482.37 1 1
github.com/kelindar/bench/stat.go:483.3,484.1 1 0
github.com/kelindar/bench/stat.go:486.2,487.23 2 1
